---------- BEGIN PVSERVER LAUNCHER ----------
2026-03-05 14:27:52
---------------------------------------------


 _______                               __     __  __                         
/       \                             /  |   /  |/  |                        
$$$$$$$  | ______    ______   ______  $$ |   $$ |$$/   ______   __   __   __ 
$$ |__$$ |/      \  /      \ /      \ $$ |   $$ |/  | /      \ /  | /  | /  |
$$    $$/ $$$$$$  |/$$$$$$  |$$$$$$  |$$  \ /$$/ $$ |/$$$$$$  |$$ | $$ | $$ |
$$$$$$$/  /    $$ |$$ |  $$/ /    $$ | $$  /$$/  $$ |$$    $$ |$$ | $$ | $$ |
$$ |     /$$$$$$$ |$$ |     /$$$$$$$ |  $$ $$/   $$ |$$$$$$$$/ $$ \_$$ \_$$ |
$$ |     $$    $$ |$$ |     $$    $$ |   $$$/    $$ |$$       |$$   $$   $$/ 
$$/       $$$$$$$/ $$/       $$$$$$$/     $/     $$/  $$$$$$$/  $$$$$/$$$$/  


/lustre/orion/csc143/world-shared/kmorel/builds/andes/paraview-2025-10-09-silo/pvsc/ORNL/../../paraview-v6.0.1/install/bin:/sw/andes/spack-envs/base/opt/linux-rhel8-x86_64/gcc-9.3.0/openmpi-4.0.4-skxqfeiocc5jtuw3y6dwtnxzzqjp5ffs/bin:/sw/andes/gcc/9.3.0/bin:/sw/sources/hpss/bin:/sw/andes/bin:/ccs/home/bwilfong3/.local/bin:/usr/local/bin:/usr/bin:/usr/local/sbin:/usr/sbin:/sw/sources/cgroup_tool/bin:/opt/puppetlabs/bin:/usr/lpp/mmfs/bin:/opt/dell/srvadmin/bin

The following have been reloaded with a version change:
  1) Core/24.00 => Core/25.04


Currently Loaded Modules:
  1) hsi/5.0.2.p5   3) Core/25.04   5) openmpi/4.0.4
  2) DefApps        4) gcc/9.3.0

 

  Getting IP for interface eno1: 172.30.17.15
  Starting socat tunnel 172.30.17.15:2905 -> 160.91.202.81:2905
Setting  threads per process
Nodes                     : 4
MPI Tasks                 : 32
Cores per MPI Taks        : 4

libgomp: Invalid value for environment variable OMP_NUM_THREADS


libgomp: Invalid value for environment variable OMP_NUM_THREADS

libgomp: Invalid value for environment variable OMP_NUM_THREADS

libgomp: Invalid value for environment variable OMP_NUM_THREADS

libgomp: Invalid value for environment variable OMP_NUM_THREADS

libgomp: Invalid value for environment variable OMP_NUM_THREADS

libgomp: Invalid value for environment variable OMP_NUM_THREADS
libgomp: Invalid value for environment variable OMP_NUM_THREADS

libgomp: Invalid value for environment variable OMP_NUM_THREADS

libgomp: Invalid value for environment variable OMP_NUM_THREADS

libgomp: Invalid value for environment variable OMP_NUM_THREADS

libgomp: Invalid value for environment variable OMP_NUM_THREADS

libgomp: Invalid value for environment variable OMP_NUM_THREADS

libgomp: Invalid value for environment variable OMP_NUM_THREADS

libgomp: Invalid value for environment variable OMP_NUM_THREADS

libgomp: Invalid value for environment variable OMP_NUM_THREADS

libgomp: Invalid value for environment variable OMP_NUM_THREADS


libgomp: Invalid value for environment variable OMP_NUM_THREADS

libgomp: Invalid value for environment variable OMP_NUM_THREADS

libgomp: Invalid value for environment variable OMP_NUM_THREADS

libgomp: Invalid value for environment variable OMP_NUM_THREADS

libgomp: Invalid value for environment variable OMP_NUM_THREADS
libgomp: Invalid value for environment variable OMP_NUM_THREADS

libgomp: Invalid value for environment variable OMP_NUM_THREADS

libgomp: Invalid value for environment variable OMP_NUM_THREADS


libgomp: Invalid value for environment variable OMP_NUM_THREADS

libgomp: Invalid value for environment variable OMP_NUM_THREADS

libgomp: Invalid value for environment variable OMP_NUM_THREADS

libgomp: Invalid value for environment variable OMP_NUM_THREADS

libgomp: Invalid value for environment variable OMP_NUM_THREADS

libgomp: Invalid value for environment variable OMP_NUM_THREADS
libgomp: Invalid value for environment variable OMP_NUM_THREADS
Connecting to client (reverse connection requested)...
Connection URL: csrc://172.30.17.15:2905
Client connected.
srun: Job step aborted: Waiting up to 32 seconds for job step to finish.
slurmstepd: error: *** STEP 3235840.0 ON andes15 CANCELLED AT 2026-03-05T16:01:42 ***
slurmstepd: error: *** JOB 3235840 ON andes15 CANCELLED AT 2026-03-05T16:01:42 ***
